#-----------------------------------------------------------
# Vivado v2016.2 (64-bit)
# SW Build 1577090 on Thu Jun  2 16:32:40 MDT 2016
# IP Build 1577682 on Fri Jun  3 12:00:54 MDT 2016
# Start of session at: Tue Aug 29 10:41:35 2017
# Process ID: 5576
# Current directory: P:/ece_drive/ECE491L/Geoff_Waseh_2017/Lab01_7_segment/lab01_7_segment
# Command line: vivado.exe -gui_launcher_event rodinguilauncherevent4192 P:\ece_drive\ECE491L\Geoff_Waseh_2017\Lab01_7_segment\lab01_7_segment\lab01_7_segment.xpr
# Log file: P:/ece_drive/ECE491L/Geoff_Waseh_2017/Lab01_7_segment/lab01_7_segment/vivado.log
# Journal file: P:/ece_drive/ECE491L/Geoff_Waseh_2017/Lab01_7_segment/lab01_7_segment\vivado.jou
#-----------------------------------------------------------
start_gui
open_project P:/ece_drive/ECE491L/Geoff_Waseh_2017/Lab01_7_segment/lab01_7_segment/lab01_7_segment.xpr
update_compile_order -fileset sources_1
reset_run synth_1
launch_runs impl_1 -to_step write_bitstream
wait_on_run impl_1
reset_run synth_1
launch_runs impl_1 -to_step write_bitstream
wait_on_run impl_1
open_hw
connect_hw_server
open_hw_target
set_property PROGRAM.FILE {P:/ece_drive/ECE491L/Geoff_Waseh_2017/Lab01_7_segment/lab01_7_segment/lab01_7_segment.runs/impl_1/nexys4DDR.bit} [lindex [get_hw_devices] 0]
current_hw_device [lindex [get_hw_devices] 0]
refresh_hw_device -update_hw_probes false [lindex [get_hw_devices] 0]
set_property PROBES.FILE {} [lindex [get_hw_devices] 0]
set_property PROGRAM.FILE {P:/ece_drive/ECE491L/Geoff_Waseh_2017/Lab01_7_segment/lab01_7_segment/lab01_7_segment.runs/impl_1/nexys4DDR.bit} [lindex [get_hw_devices] 0]
program_hw_devices [lindex [get_hw_devices] 0]
refresh_hw_device [lindex [get_hw_devices] 0]
close_hw
reset_run synth_1
launch_runs impl_1 -to_step write_bitstream
wait_on_run impl_1
open_hw
connect_hw_server
open_hw_target
set_property PROGRAM.FILE {P:/ece_drive/ECE491L/Geoff_Waseh_2017/Lab01_7_segment/lab01_7_segment/lab01_7_segment.runs/impl_1/nexys4DDR.bit} [lindex [get_hw_devices] 0]
current_hw_device [lindex [get_hw_devices] 0]
refresh_hw_device -update_hw_probes false [lindex [get_hw_devices] 0]
set_property PROBES.FILE {} [lindex [get_hw_devices] 0]
set_property PROGRAM.FILE {P:/ece_drive/ECE491L/Geoff_Waseh_2017/Lab01_7_segment/lab01_7_segment/lab01_7_segment.runs/impl_1/nexys4DDR.bit} [lindex [get_hw_devices] 0]
program_hw_devices [lindex [get_hw_devices] 0]
refresh_hw_device [lindex [get_hw_devices] 0]
close_hw
reset_run impl_1 -prev_step 
launch_runs impl_1 -to_step write_bitstream
wait_on_run impl_1
reset_run synth_1
launch_runs impl_1 -to_step write_bitstream
wait_on_run impl_1
open_hw
connect_hw_server
open_hw_target
set_property PROGRAM.FILE {P:/ece_drive/ECE491L/Geoff_Waseh_2017/Lab01_7_segment/lab01_7_segment/lab01_7_segment.runs/impl_1/nexys4DDR.bit} [lindex [get_hw_devices] 0]
current_hw_device [lindex [get_hw_devices] 0]
refresh_hw_device -update_hw_probes false [lindex [get_hw_devices] 0]
set_property PROBES.FILE {} [lindex [get_hw_devices] 0]
set_property PROGRAM.FILE {P:/ece_drive/ECE491L/Geoff_Waseh_2017/Lab01_7_segment/lab01_7_segment/lab01_7_segment.runs/impl_1/nexys4DDR.bit} [lindex [get_hw_devices] 0]
program_hw_devices [lindex [get_hw_devices] 0]
refresh_hw_device [lindex [get_hw_devices] 0]
close_hw
reset_run impl_1 -prev_step 
launch_runs impl_1 -to_step write_bitstream
wait_on_run impl_1
reset_run synth_1
launch_runs impl_1 -to_step write_bitstream
wait_on_run impl_1
open_hw
connect_hw_server
open_hw_target
set_property PROGRAM.FILE {P:/ece_drive/ECE491L/Geoff_Waseh_2017/Lab01_7_segment/lab01_7_segment/lab01_7_segment.runs/impl_1/nexys4DDR.bit} [lindex [get_hw_devices] 0]
current_hw_device [lindex [get_hw_devices] 0]
refresh_hw_device -update_hw_probes false [lindex [get_hw_devices] 0]
set_property PROBES.FILE {} [lindex [get_hw_devices] 0]
set_property PROGRAM.FILE {P:/ece_drive/ECE491L/Geoff_Waseh_2017/Lab01_7_segment/lab01_7_segment/lab01_7_segment.runs/impl_1/nexys4DDR.bit} [lindex [get_hw_devices] 0]
program_hw_devices [lindex [get_hw_devices] 0]
refresh_hw_device [lindex [get_hw_devices] 0]
close_hw
reset_run synth_1
launch_runs impl_1 -to_step write_bitstream
wait_on_run impl_1
file mkdir P:/ece_drive/ECE491L/Geoff_Waseh_2017/Lab01_7_segment/lab01_7_segment/lab01_7_segment.srcs/sim_1/new
set_property SOURCE_SET sources_1 [get_filesets sim_1]
close [ open P:/ece_drive/ECE491L/Geoff_Waseh_2017/Lab01_7_segment/lab01_7_segment/lab01_7_segment.srcs/sim_1/new/testbench.sv w ]
add_files -fileset sim_1 P:/ece_drive/ECE491L/Geoff_Waseh_2017/Lab01_7_segment/lab01_7_segment/lab01_7_segment.srcs/sim_1/new/testbench.sv
update_compile_order -fileset sim_1
