#-----------------------------------------------------------
# Vivado v2016.2 (64-bit)
# SW Build 1577090 on Thu Jun  2 16:32:40 MDT 2016
# IP Build 1577682 on Fri Jun  3 12:00:54 MDT 2016
# Start of session at: Fri Sep 29 10:35:24 2017
# Process ID: 9128
# Current directory: C:/Users/watsongd/Desktop/491 Labs/DigitalDesign/Lab04
# Command line: vivado.exe -gui_launcher_event rodinguilauncherevent2752 C:\Users\watsongd\Desktop\491 Labs\DigitalDesign\Lab04\Lab04.xpr
# Log file: C:/Users/watsongd/Desktop/491 Labs/DigitalDesign/Lab04/vivado.log
# Journal file: C:/Users/watsongd/Desktop/491 Labs/DigitalDesign/Lab04\vivado.jou
#-----------------------------------------------------------
start_gui
open_project {C:/Users/watsongd/Desktop/491 Labs/DigitalDesign/Lab04/Lab04.xpr}
update_compile_order -fileset sources_1
set_property SOURCE_SET sources_1 [get_filesets sim_1]
import_files -fileset sim_1 -norecurse {{C:/Users/watsongd/Desktop/491 Labs/DigitalDesign/Lab04/Lab04.srcs/sim_1/new/self_check_rxd.sv}}
update_compile_order -fileset sim_1
launch_simulation
source txd_rxd_bench.tcl
run 10 ms
relaunch_sim
run all
run 10 ms
relaunch_sim
# Disabling source management mode.  This is to allow the top design properties to be set without GUI intervention.
set_property source_mgmt_mode None [current_project]
set_property top self_check_rxd [get_filesets sim_1]
set_property top_lib xil_defaultlib [get_filesets sim_1]
# Re-enabling previously disabled source management mode.
set_property source_mgmt_mode All [current_project]
update_compile_order -fileset sim_1
launch_simulation
source self_check_rxd.tcl
run 10 ms
run 10 ms
relaunch_sim
run 10 ms
