#-----------------------------------------------------------
# Vivado v2016.2 (64-bit)
# SW Build 1577090 on Thu Jun  2 16:32:40 MDT 2016
# IP Build 1577682 on Fri Jun  3 12:00:54 MDT 2016
# Start of session at: Sun Sep 17 12:12:28 2017
# Process ID: 6964
# Current directory: C:/Users/ahmadw/Desktop/ECE491/DigitalDesign/Lab03
# Command line: vivado.exe -gui_launcher_event rodinguilauncherevent11884 C:\Users\ahmadw\Desktop\ECE491\DigitalDesign\Lab03\Lab03.xpr
# Log file: C:/Users/ahmadw/Desktop/ECE491/DigitalDesign/Lab03/vivado.log
# Journal file: C:/Users/ahmadw/Desktop/ECE491/DigitalDesign/Lab03\vivado.jou
#-----------------------------------------------------------
start_gui
open_project C:/Users/ahmadw/Desktop/ECE491/DigitalDesign/Lab03/Lab03.xpr
update_compile_order -fileset sources_1
# Disabling source management mode.  This is to allow the top design properties to be set without GUI intervention.
set_property source_mgmt_mode None [current_project]
set_property top rtl_transmitter_self_check_bench [get_filesets sim_1]
set_property top_lib xil_defaultlib [get_filesets sim_1]
# Re-enabling previously disabled source management mode.
set_property source_mgmt_mode All [current_project]
update_compile_order -fileset sim_1
launch_simulation
source rtl_transmitter_self_check_bench.tcl
run 10 ms
run 10 ms
run 10 ms
add_bp {C:/Users/ahmadw/Desktop/ECE491/DigitalDesign/Lab03/Lab03.srcs/sim_1/new/rtl_transmitter_self_check_bench.sv} 91
relaunch_sim
run 10 ms
remove_bps -file {C:/Users/ahmadw/Desktop/ECE491/DigitalDesign/Lab03/Lab03.srcs/sim_1/new/rtl_transmitter_self_check_bench.sv} -line 91
run 10 ms
relaunch_sim
run 10 ms
relaunch_sim
run all
relaunch_sim
run 10 ms
relaunch_sim
run 10 ms
relaunch_sim
run 10 ms
relaunch_sim
run 10 ms
run 10 ms
relaunch_sim
